
==============  BEGIN TEST  ==================
==============================================
              sgm::MR_stream  
==============================================

--> create sgm::MR_stream(std::cout) mr

--> create dummy graphs 

--> create dummy match :

 4 3 2 5
--> mr.reportHit(..)
     1 : (0,4) (1,3) (2,2) (3,5)
--> mr.reportHit(..)
     2 : (0,4) (1,3) (2,2) (3,5)
--> mr.resetHits(..)
--> mr.reportHit(..)
     1 : (0,4) (1,3) (2,2) (3,5)

===============  TEST END  ===================
==============================================

