
==============  BEGIN TEST  ==================
==============================================
             ggl::chem::MR_Reactions  
==============================================


================  CREATE RULE  ==================

 result of rule GML parsing : -1
 rule ID : Diels-Alder reaction

============  CREATE SMILES INPUT  ==============


 input SMILES :
C=CO
C=CC(=C)C
O=C1C=CC(=O)O1
C1=CCCC=C1
C1=CC=C1

===========  CREATE MOLECULE INPUT  =============

 storing : 'OC=C'
 storing : 'CC(=C)C=C'
 storing : 'O=C1OC(=O)C=C1'
 storing : 'C1CC=CC=C1'
 storing : 'C1=CC=C1'

============  CREATE TARGET GRAPH  ==============

     0 (C)  -->  | 1 (=) | 3 (-) | 4 (-) |
     1 (C)  -->  | 0 (=) | 2 (-) | 5 (-) |
     2 (O)  -->  | 1 (-) | 6 (-) |
     3 (H)  -->  | 0 (-) |
     4 (H)  -->  | 0 (-) |
     5 (H)  -->  | 1 (-) |
     6 (H)  -->  | 2 (-) |
     7 (C)  -->  | 8 (=) | 12 (-) | 13 (-) |
     8 (C)  -->  | 7 (=) | 9 (-) | 14 (-) |
     9 (C)  -->  | 8 (-) | 10 (=) | 11 (-) |
    10 (C)  -->  | 9 (=) | 15 (-) | 16 (-) |
    11 (C)  -->  | 9 (-) | 17 (-) | 18 (-) | 19 (-) |
    12 (H)  -->  | 7 (-) |
    13 (H)  -->  | 7 (-) |
    14 (H)  -->  | 8 (-) |
    15 (H)  -->  | 10 (-) |
    16 (H)  -->  | 10 (-) |
    17 (H)  -->  | 11 (-) |
    18 (H)  -->  | 11 (-) |
    19 (H)  -->  | 11 (-) |
    20 (O)  -->  | 21 (=) |
    21 (C)  -->  | 20 (=) | 22 (-) | 26 (-) |
    22 (C)  -->  | 21 (-) | 23 (=) | 27 (-) |
    23 (C)  -->  | 22 (=) | 24 (-) | 28 (-) |
    24 (C)  -->  | 23 (-) | 25 (=) | 26 (-) |
    25 (O)  -->  | 24 (=) |
    26 (O)  -->  | 24 (-) | 21 (-) |
    27 (H)  -->  | 22 (-) |
    28 (H)  -->  | 23 (-) |
    29 (C)  -->  | 30 (=) | 34 (-) | 35 (-) |
    30 (C)  -->  | 29 (=) | 31 (-) | 36 (-) |
    31 (C)  -->  | 30 (-) | 32 (-) | 37 (-) | 38 (-) |
    32 (C)  -->  | 31 (-) | 33 (-) | 39 (-) | 40 (-) |
    33 (C)  -->  | 32 (-) | 34 (=) | 41 (-) |
    34 (C)  -->  | 33 (=) | 29 (-) | 42 (-) |
    35 (H)  -->  | 29 (-) |
    36 (H)  -->  | 30 (-) |
    37 (H)  -->  | 31 (-) |
    38 (H)  -->  | 31 (-) |
    39 (H)  -->  | 32 (-) |
    40 (H)  -->  | 32 (-) |
    41 (H)  -->  | 33 (-) |
    42 (H)  -->  | 34 (-) |
    43 (C)  -->  | 44 (=) | 46 (-) | 47 (-) |
    44 (C)  -->  | 43 (=) | 45 (-) | 48 (-) |
    45 (C)  -->  | 44 (-) | 46 (=) | 49 (-) |
    46 (C)  -->  | 45 (=) | 43 (-) | 50 (-) |
    47 (H)  -->  | 43 (-) |
    48 (H)  -->  | 44 (-) |
    49 (H)  -->  | 45 (-) |
    50 (H)  -->  | 46 (-) |

================= MATCHING ======================

 pattern graph = 
     0 (C)  -->  | 1 (=) |
     1 (C)  -->  | 0 (=) | 2 (-) |
     2 (C)  -->  | 1 (-) | 3 (=) |
     3 (C)  -->  | 2 (=) |
     4 (C)  -->  | 5 (=) |
     5 (C)  -->  | 4 (=) |


 matches :

     1 : (0,7) (1,8) (2,9) (3,10) (4,0) (5,1)
     2 : (0,7) (1,8) (2,9) (3,10) (4,1) (5,0)
     3 : (0,7) (1,8) (2,9) (3,10) (4,22) (5,23)
     4 : (0,7) (1,8) (2,9) (3,10) (4,23) (5,22)
     5 : (0,7) (1,8) (2,9) (3,10) (4,29) (5,30)
     6 : (0,7) (1,8) (2,9) (3,10) (4,30) (5,29)
     7 : (0,7) (1,8) (2,9) (3,10) (4,33) (5,34)
     8 : (0,7) (1,8) (2,9) (3,10) (4,34) (5,33)
     9 : (0,7) (1,8) (2,9) (3,10) (4,43) (5,44)
    10 : (0,7) (1,8) (2,9) (3,10) (4,44) (5,43)
    11 : (0,7) (1,8) (2,9) (3,10) (4,45) (5,46)
    12 : (0,7) (1,8) (2,9) (3,10) (4,46) (5,45)
    13 : (0,10) (1,9) (2,8) (3,7) (4,0) (5,1)
    14 : (0,10) (1,9) (2,8) (3,7) (4,1) (5,0)
    15 : (0,10) (1,9) (2,8) (3,7) (4,22) (5,23)
    16 : (0,10) (1,9) (2,8) (3,7) (4,23) (5,22)
    17 : (0,10) (1,9) (2,8) (3,7) (4,29) (5,30)
    18 : (0,10) (1,9) (2,8) (3,7) (4,30) (5,29)
    19 : (0,10) (1,9) (2,8) (3,7) (4,33) (5,34)
    20 : (0,10) (1,9) (2,8) (3,7) (4,34) (5,33)
    21 : (0,10) (1,9) (2,8) (3,7) (4,43) (5,44)
    22 : (0,10) (1,9) (2,8) (3,7) (4,44) (5,43)
    23 : (0,10) (1,9) (2,8) (3,7) (4,45) (5,46)
    24 : (0,10) (1,9) (2,8) (3,7) (4,46) (5,45)
    25 : (0,30) (1,29) (2,34) (3,33) (4,0) (5,1)
    26 : (0,30) (1,29) (2,34) (3,33) (4,1) (5,0)
    27 : (0,30) (1,29) (2,34) (3,33) (4,7) (5,8)
    28 : (0,30) (1,29) (2,34) (3,33) (4,8) (5,7)
    29 : (0,30) (1,29) (2,34) (3,33) (4,9) (5,10)
    30 : (0,30) (1,29) (2,34) (3,33) (4,10) (5,9)
    31 : (0,30) (1,29) (2,34) (3,33) (4,22) (5,23)
    32 : (0,30) (1,29) (2,34) (3,33) (4,23) (5,22)
    33 : (0,30) (1,29) (2,34) (3,33) (4,43) (5,44)
    34 : (0,30) (1,29) (2,34) (3,33) (4,44) (5,43)
    35 : (0,30) (1,29) (2,34) (3,33) (4,45) (5,46)
    36 : (0,30) (1,29) (2,34) (3,33) (4,46) (5,45)
    37 : (0,33) (1,34) (2,29) (3,30) (4,0) (5,1)
    38 : (0,33) (1,34) (2,29) (3,30) (4,1) (5,0)
    39 : (0,33) (1,34) (2,29) (3,30) (4,7) (5,8)
    40 : (0,33) (1,34) (2,29) (3,30) (4,8) (5,7)
    41 : (0,33) (1,34) (2,29) (3,30) (4,9) (5,10)
    42 : (0,33) (1,34) (2,29) (3,30) (4,10) (5,9)
    43 : (0,33) (1,34) (2,29) (3,30) (4,22) (5,23)
    44 : (0,33) (1,34) (2,29) (3,30) (4,23) (5,22)
    45 : (0,33) (1,34) (2,29) (3,30) (4,43) (5,44)
    46 : (0,33) (1,34) (2,29) (3,30) (4,44) (5,43)
    47 : (0,33) (1,34) (2,29) (3,30) (4,45) (5,46)
    48 : (0,33) (1,34) (2,29) (3,30) (4,46) (5,45)
    49 : (0,43) (1,44) (2,45) (3,46) (4,0) (5,1)
    50 : (0,43) (1,44) (2,45) (3,46) (4,1) (5,0)
    51 : (0,43) (1,44) (2,45) (3,46) (4,7) (5,8)
    52 : (0,43) (1,44) (2,45) (3,46) (4,8) (5,7)
    53 : (0,43) (1,44) (2,45) (3,46) (4,9) (5,10)
    54 : (0,43) (1,44) (2,45) (3,46) (4,10) (5,9)
    55 : (0,43) (1,44) (2,45) (3,46) (4,22) (5,23)
    56 : (0,43) (1,44) (2,45) (3,46) (4,23) (5,22)
    57 : (0,43) (1,44) (2,45) (3,46) (4,29) (5,30)
    58 : (0,43) (1,44) (2,45) (3,46) (4,30) (5,29)
    59 : (0,43) (1,44) (2,45) (3,46) (4,33) (5,34)
    60 : (0,43) (1,44) (2,45) (3,46) (4,34) (5,33)
    61 : (0,44) (1,43) (2,46) (3,45) (4,0) (5,1)
    62 : (0,44) (1,43) (2,46) (3,45) (4,1) (5,0)
    63 : (0,44) (1,43) (2,46) (3,45) (4,7) (5,8)
    64 : (0,44) (1,43) (2,46) (3,45) (4,8) (5,7)
    65 : (0,44) (1,43) (2,46) (3,45) (4,9) (5,10)
    66 : (0,44) (1,43) (2,46) (3,45) (4,10) (5,9)
    67 : (0,44) (1,43) (2,46) (3,45) (4,22) (5,23)
    68 : (0,44) (1,43) (2,46) (3,45) (4,23) (5,22)
    69 : (0,44) (1,43) (2,46) (3,45) (4,29) (5,30)
    70 : (0,44) (1,43) (2,46) (3,45) (4,30) (5,29)
    71 : (0,44) (1,43) (2,46) (3,45) (4,33) (5,34)
    72 : (0,44) (1,43) (2,46) (3,45) (4,34) (5,33)
    73 : (0,45) (1,46) (2,43) (3,44) (4,0) (5,1)
    74 : (0,45) (1,46) (2,43) (3,44) (4,1) (5,0)
    75 : (0,45) (1,46) (2,43) (3,44) (4,7) (5,8)
    76 : (0,45) (1,46) (2,43) (3,44) (4,8) (5,7)
    77 : (0,45) (1,46) (2,43) (3,44) (4,9) (5,10)
    78 : (0,45) (1,46) (2,43) (3,44) (4,10) (5,9)
    79 : (0,45) (1,46) (2,43) (3,44) (4,22) (5,23)
    80 : (0,45) (1,46) (2,43) (3,44) (4,23) (5,22)
    81 : (0,45) (1,46) (2,43) (3,44) (4,29) (5,30)
    82 : (0,45) (1,46) (2,43) (3,44) (4,30) (5,29)
    83 : (0,45) (1,46) (2,43) (3,44) (4,33) (5,34)
    84 : (0,45) (1,46) (2,43) (3,44) (4,34) (5,33)
    85 : (0,46) (1,45) (2,44) (3,43) (4,0) (5,1)
    86 : (0,46) (1,45) (2,44) (3,43) (4,1) (5,0)
    87 : (0,46) (1,45) (2,44) (3,43) (4,7) (5,8)
    88 : (0,46) (1,45) (2,44) (3,43) (4,8) (5,7)
    89 : (0,46) (1,45) (2,44) (3,43) (4,9) (5,10)
    90 : (0,46) (1,45) (2,44) (3,43) (4,10) (5,9)
    91 : (0,46) (1,45) (2,44) (3,43) (4,22) (5,23)
    92 : (0,46) (1,45) (2,44) (3,43) (4,23) (5,22)
    93 : (0,46) (1,45) (2,44) (3,43) (4,29) (5,30)
    94 : (0,46) (1,45) (2,44) (3,43) (4,30) (5,29)
    95 : (0,46) (1,45) (2,44) (3,43) (4,33) (5,34)
    96 : (0,46) (1,45) (2,44) (3,43) (4,34) (5,33)

============== REACTION GENERATION ==============

 create MR_Reactions object( addEachComponent=false )
 search matches and create Reaction objects ...
 number of reactions found : 16
 reactions produced :

Diels-Alder reaction : C1=CC=C1.C1CC=CC=C1>>C1CC2C(C=C1)C3C=CC23 : nan
Diels-Alder reaction : C1=CC=C1.C1CC=CC=C1>>C1CC2C=CC1C3C=CC23 : nan
Diels-Alder reaction : C1=CC=C1.CC(=C)C=C>>CC(=C)C1CC2C=CC21 : nan
Diels-Alder reaction : C1=CC=C1.CC(=C)C=C>>CC1(CC2C=CC21)C=C : nan
Diels-Alder reaction : C1=CC=C1.CC(=C)C=C>>CC1CC2C=CC2CC=1 : nan
Diels-Alder reaction : C1=CC=C1.O=C1OC(=O)C=C1>>O=C1OC(=O)C2C3C=CC3C21 : nan
Diels-Alder reaction : C1=CC=C1.OC=C>>OC1CC2C=CC12 : nan
Diels-Alder reaction : C1CC=CC=C1.CC(=C)C=C>>CC(=C)C1CC2CCC1C=C2 : nan
Diels-Alder reaction : C1CC=CC=C1.CC(=C)C=C>>CC1(CC2CCC1C=C2)C=C : nan
Diels-Alder reaction : C1CC=CC=C1.CC(=C)C=C>>CC1CC2C=CCCC2CC=1 : nan
Diels-Alder reaction : C1CC=CC=C1.CC(=C)C=C>>CC1CC2CCC=CC2CC=1 : nan
Diels-Alder reaction : C1CC=CC=C1.O=C1OC(=O)C=C1>>O=C1OC(=O)C2C3CCC(C=C3)C21 : nan
Diels-Alder reaction : C1CC=CC=C1.OC=C>>OC1CC2CCC1C=C2 : nan
Diels-Alder reaction : CC(=C)C=C.O=C1OC(=O)C=C1>>CC1CC2C(CC=1)C(=O)OC2=O : nan
Diels-Alder reaction : CC(=C)C=C.OC=C>>CC1CC(O)CCC=1 : nan
Diels-Alder reaction : CC(=C)C=C.OC=C>>CC1CCC(O)CC=1 : nan

=================================================


===========  CREATE MOLECULE INPUT  =============

 storing : 'OC=C'
 storing : 'CC(=C)C=C'
 storing : 'O=C1OC(=O)C=C1'
 storing : 'C1CC=CC=C1'
 storing : 'C1=CC=C1'

============  CREATE TARGET GRAPH  ==============

     0 (C)  -->  | 1 (=) | 3 (-) | 4 (-) |
     1 (C)  -->  | 0 (=) | 2 (-) | 5 (-) |
     2 (O)  -->  | 1 (-) | 6 (-) |
     3 (H)  -->  | 0 (-) |
     4 (H)  -->  | 0 (-) |
     5 (H)  -->  | 1 (-) |
     6 (H)  -->  | 2 (-) |
     7 (C)  -->  | 8 (=) | 12 (-) | 13 (-) |
     8 (C)  -->  | 7 (=) | 9 (-) | 14 (-) |
     9 (C)  -->  | 8 (-) | 10 (=) | 11 (-) |
    10 (C)  -->  | 9 (=) | 15 (-) | 16 (-) |
    11 (C)  -->  | 9 (-) | 17 (-) | 18 (-) | 19 (-) |
    12 (H)  -->  | 7 (-) |
    13 (H)  -->  | 7 (-) |
    14 (H)  -->  | 8 (-) |
    15 (H)  -->  | 10 (-) |
    16 (H)  -->  | 10 (-) |
    17 (H)  -->  | 11 (-) |
    18 (H)  -->  | 11 (-) |
    19 (H)  -->  | 11 (-) |
    20 (O)  -->  | 21 (=) |
    21 (C)  -->  | 20 (=) | 22 (-) | 26 (-) |
    22 (C)  -->  | 21 (-) | 23 (=) | 27 (-) |
    23 (C)  -->  | 22 (=) | 24 (-) | 28 (-) |
    24 (C)  -->  | 23 (-) | 25 (=) | 26 (-) |
    25 (O)  -->  | 24 (=) |
    26 (O)  -->  | 24 (-) | 21 (-) |
    27 (H)  -->  | 22 (-) |
    28 (H)  -->  | 23 (-) |
    29 (C)  -->  | 30 (=) | 34 (-) | 35 (-) |
    30 (C)  -->  | 29 (=) | 31 (-) | 36 (-) |
    31 (C)  -->  | 30 (-) | 32 (-) | 37 (-) | 38 (-) |
    32 (C)  -->  | 31 (-) | 33 (-) | 39 (-) | 40 (-) |
    33 (C)  -->  | 32 (-) | 34 (=) | 41 (-) |
    34 (C)  -->  | 33 (=) | 29 (-) | 42 (-) |
    35 (H)  -->  | 29 (-) |
    36 (H)  -->  | 30 (-) |
    37 (H)  -->  | 31 (-) |
    38 (H)  -->  | 31 (-) |
    39 (H)  -->  | 32 (-) |
    40 (H)  -->  | 32 (-) |
    41 (H)  -->  | 33 (-) |
    42 (H)  -->  | 34 (-) |
    43 (C)  -->  | 44 (=) | 46 (-) | 47 (-) |
    44 (C)  -->  | 43 (=) | 45 (-) | 48 (-) |
    45 (C)  -->  | 44 (-) | 46 (=) | 49 (-) |
    46 (C)  -->  | 45 (=) | 43 (-) | 50 (-) |
    47 (H)  -->  | 43 (-) |
    48 (H)  -->  | 44 (-) |
    49 (H)  -->  | 45 (-) |
    50 (H)  -->  | 46 (-) |

================= MATCHING ======================

 pattern graph = 
     0 (C)  -->  | 1 (=) |
     1 (C)  -->  | 0 (=) | 2 (-) |
     2 (C)  -->  | 1 (-) | 3 (=) |
     3 (C)  -->  | 2 (=) |
     4 (C)  -->  | 5 (=) |
     5 (C)  -->  | 4 (=) |


 matches :

     1 : (0,7) (1,8) (2,9) (3,10) (4,0) (5,1)
     2 : (0,7) (1,8) (2,9) (3,10) (4,1) (5,0)
     3 : (0,7) (1,8) (2,9) (3,10) (4,22) (5,23)
     4 : (0,7) (1,8) (2,9) (3,10) (4,23) (5,22)
     5 : (0,7) (1,8) (2,9) (3,10) (4,29) (5,30)
     6 : (0,7) (1,8) (2,9) (3,10) (4,30) (5,29)
     7 : (0,7) (1,8) (2,9) (3,10) (4,33) (5,34)
     8 : (0,7) (1,8) (2,9) (3,10) (4,34) (5,33)
     9 : (0,7) (1,8) (2,9) (3,10) (4,43) (5,44)
    10 : (0,7) (1,8) (2,9) (3,10) (4,44) (5,43)
    11 : (0,7) (1,8) (2,9) (3,10) (4,45) (5,46)
    12 : (0,7) (1,8) (2,9) (3,10) (4,46) (5,45)
    13 : (0,10) (1,9) (2,8) (3,7) (4,0) (5,1)
    14 : (0,10) (1,9) (2,8) (3,7) (4,1) (5,0)
    15 : (0,10) (1,9) (2,8) (3,7) (4,22) (5,23)
    16 : (0,10) (1,9) (2,8) (3,7) (4,23) (5,22)
    17 : (0,10) (1,9) (2,8) (3,7) (4,29) (5,30)
    18 : (0,10) (1,9) (2,8) (3,7) (4,30) (5,29)
    19 : (0,10) (1,9) (2,8) (3,7) (4,33) (5,34)
    20 : (0,10) (1,9) (2,8) (3,7) (4,34) (5,33)
    21 : (0,10) (1,9) (2,8) (3,7) (4,43) (5,44)
    22 : (0,10) (1,9) (2,8) (3,7) (4,44) (5,43)
    23 : (0,10) (1,9) (2,8) (3,7) (4,45) (5,46)
    24 : (0,10) (1,9) (2,8) (3,7) (4,46) (5,45)
    25 : (0,30) (1,29) (2,34) (3,33) (4,0) (5,1)
    26 : (0,30) (1,29) (2,34) (3,33) (4,1) (5,0)
    27 : (0,30) (1,29) (2,34) (3,33) (4,7) (5,8)
    28 : (0,30) (1,29) (2,34) (3,33) (4,8) (5,7)
    29 : (0,30) (1,29) (2,34) (3,33) (4,9) (5,10)
    30 : (0,30) (1,29) (2,34) (3,33) (4,10) (5,9)
    31 : (0,30) (1,29) (2,34) (3,33) (4,22) (5,23)
    32 : (0,30) (1,29) (2,34) (3,33) (4,23) (5,22)
    33 : (0,30) (1,29) (2,34) (3,33) (4,43) (5,44)
    34 : (0,30) (1,29) (2,34) (3,33) (4,44) (5,43)
    35 : (0,30) (1,29) (2,34) (3,33) (4,45) (5,46)
    36 : (0,30) (1,29) (2,34) (3,33) (4,46) (5,45)
    37 : (0,33) (1,34) (2,29) (3,30) (4,0) (5,1)
    38 : (0,33) (1,34) (2,29) (3,30) (4,1) (5,0)
    39 : (0,33) (1,34) (2,29) (3,30) (4,7) (5,8)
    40 : (0,33) (1,34) (2,29) (3,30) (4,8) (5,7)
    41 : (0,33) (1,34) (2,29) (3,30) (4,9) (5,10)
    42 : (0,33) (1,34) (2,29) (3,30) (4,10) (5,9)
    43 : (0,33) (1,34) (2,29) (3,30) (4,22) (5,23)
    44 : (0,33) (1,34) (2,29) (3,30) (4,23) (5,22)
    45 : (0,33) (1,34) (2,29) (3,30) (4,43) (5,44)
    46 : (0,33) (1,34) (2,29) (3,30) (4,44) (5,43)
    47 : (0,33) (1,34) (2,29) (3,30) (4,45) (5,46)
    48 : (0,33) (1,34) (2,29) (3,30) (4,46) (5,45)
    49 : (0,43) (1,44) (2,45) (3,46) (4,0) (5,1)
    50 : (0,43) (1,44) (2,45) (3,46) (4,1) (5,0)
    51 : (0,43) (1,44) (2,45) (3,46) (4,7) (5,8)
    52 : (0,43) (1,44) (2,45) (3,46) (4,8) (5,7)
    53 : (0,43) (1,44) (2,45) (3,46) (4,9) (5,10)
    54 : (0,43) (1,44) (2,45) (3,46) (4,10) (5,9)
    55 : (0,43) (1,44) (2,45) (3,46) (4,22) (5,23)
    56 : (0,43) (1,44) (2,45) (3,46) (4,23) (5,22)
    57 : (0,43) (1,44) (2,45) (3,46) (4,29) (5,30)
    58 : (0,43) (1,44) (2,45) (3,46) (4,30) (5,29)
    59 : (0,43) (1,44) (2,45) (3,46) (4,33) (5,34)
    60 : (0,43) (1,44) (2,45) (3,46) (4,34) (5,33)
    61 : (0,44) (1,43) (2,46) (3,45) (4,0) (5,1)
    62 : (0,44) (1,43) (2,46) (3,45) (4,1) (5,0)
    63 : (0,44) (1,43) (2,46) (3,45) (4,7) (5,8)
    64 : (0,44) (1,43) (2,46) (3,45) (4,8) (5,7)
    65 : (0,44) (1,43) (2,46) (3,45) (4,9) (5,10)
    66 : (0,44) (1,43) (2,46) (3,45) (4,10) (5,9)
    67 : (0,44) (1,43) (2,46) (3,45) (4,22) (5,23)
    68 : (0,44) (1,43) (2,46) (3,45) (4,23) (5,22)
    69 : (0,44) (1,43) (2,46) (3,45) (4,29) (5,30)
    70 : (0,44) (1,43) (2,46) (3,45) (4,30) (5,29)
    71 : (0,44) (1,43) (2,46) (3,45) (4,33) (5,34)
    72 : (0,44) (1,43) (2,46) (3,45) (4,34) (5,33)
    73 : (0,45) (1,46) (2,43) (3,44) (4,0) (5,1)
    74 : (0,45) (1,46) (2,43) (3,44) (4,1) (5,0)
    75 : (0,45) (1,46) (2,43) (3,44) (4,7) (5,8)
    76 : (0,45) (1,46) (2,43) (3,44) (4,8) (5,7)
    77 : (0,45) (1,46) (2,43) (3,44) (4,9) (5,10)
    78 : (0,45) (1,46) (2,43) (3,44) (4,10) (5,9)
    79 : (0,45) (1,46) (2,43) (3,44) (4,22) (5,23)
    80 : (0,45) (1,46) (2,43) (3,44) (4,23) (5,22)
    81 : (0,45) (1,46) (2,43) (3,44) (4,29) (5,30)
    82 : (0,45) (1,46) (2,43) (3,44) (4,30) (5,29)
    83 : (0,45) (1,46) (2,43) (3,44) (4,33) (5,34)
    84 : (0,45) (1,46) (2,43) (3,44) (4,34) (5,33)
    85 : (0,46) (1,45) (2,44) (3,43) (4,0) (5,1)
    86 : (0,46) (1,45) (2,44) (3,43) (4,1) (5,0)
    87 : (0,46) (1,45) (2,44) (3,43) (4,7) (5,8)
    88 : (0,46) (1,45) (2,44) (3,43) (4,8) (5,7)
    89 : (0,46) (1,45) (2,44) (3,43) (4,9) (5,10)
    90 : (0,46) (1,45) (2,44) (3,43) (4,10) (5,9)
    91 : (0,46) (1,45) (2,44) (3,43) (4,22) (5,23)
    92 : (0,46) (1,45) (2,44) (3,43) (4,23) (5,22)
    93 : (0,46) (1,45) (2,44) (3,43) (4,29) (5,30)
    94 : (0,46) (1,45) (2,44) (3,43) (4,30) (5,29)
    95 : (0,46) (1,45) (2,44) (3,43) (4,33) (5,34)
    96 : (0,46) (1,45) (2,44) (3,43) (4,34) (5,33)

============== REACTION GENERATION ==============

 create MR_Reactions object( addEachComponent=false )
 search matches and create Reaction objects ...
 number of reactions found : 16
 reactions produced :

Diels-Alder reaction : C1=CC=C1.C1CC=CC=C1>[CH2]1[CH2][CH:1]2=[CH:1]([CH]=[CH]1)[CH:1]3=[CH:1]=[CH:1]=[CH:1]23>C1CC2C(C=C1)C3C=CC23 : nan
Diels-Alder reaction : C1=CC=C1.C1CC=CC=C1>[CH2]1[CH2][CH:1]2=[CH:1]=[CH:1]=[CH:1]1[CH:1]3[CH]=[CH][CH:1]2=3>C1CC2C=CC1C3C=CC23 : nan
Diels-Alder reaction : C1=CC=C1.CC(=C)C=C>[CH3]C(=[CH2])[CH:1]1=[CH2:1][CH:1]2=[CH:1]=[CH:1]=[CH:1]21>CC(=C)C1CC2C=CC21 : nan
Diels-Alder reaction : C1=CC=C1.CC(=C)C=C>[CH3][C:1]1([CH]=[CH2])=[CH2:1][CH:1]2=[CH:1]=[CH:1]=[CH:1]21>CC1(CC2C=CC21)C=C : nan
Diels-Alder reaction : C1=CC=C1.CC(=C)C=C>[CH3][C:1]1=[CH2:1][CH:1]2[CH]=[CH][CH:1]=2[CH2:1]=[CH:1]=1>CC1CC2C=CC2CC=1 : nan
Diels-Alder reaction : C1=CC=C1.O=C1OC(=O)C=C1>O=C1OC(=O)[CH:1]2[CH:1]3=[CH:1]=[CH:1]=[CH:1]3[CH:1]1=2>O=C1OC(=O)C2C3C=CC3C21 : nan
Diels-Alder reaction : C1=CC=C1.OC=C>[OH][CH:1]1=[CH2:1][CH:1]2=[CH:1]=[CH:1]=[CH:1]12>OC1CC2C=CC12 : nan
Diels-Alder reaction : C1CC=CC=C1.CC(=C)C=C>[CH3]C(=[CH2])[CH:1]1=[CH2:1][CH:1]2[CH2][CH2][CH:1]1=[CH:1]=[CH:1]=2>CC(=C)C1CC2CCC1C=C2 : nan
Diels-Alder reaction : C1CC=CC=C1.CC(=C)C=C>[CH3][C:1]1([CH]=[CH2])=[CH2:1][CH:1]2[CH2][CH2][CH:1]1=[CH:1]=[CH:1]=2>CC1(CC2CCC1C=C2)C=C : nan
Diels-Alder reaction : C1CC=CC=C1.CC(=C)C=C>[CH3][C:1]1=[CH2:1][CH:1]2[CH2][CH2][CH]=[CH][CH:1]=2[CH2:1]=[CH:1]=1>CC1CC2CCC=CC2CC=1 : nan
Diels-Alder reaction : C1CC=CC=C1.CC(=C)C=C>[CH3][C:1]1=[CH2:1][CH:1]2[CH]=[CH][CH2][CH2][CH:1]=2[CH2:1]=[CH:1]=1>CC1CC2C=CCCC2CC=1 : nan
Diels-Alder reaction : C1CC=CC=C1.O=C1OC(=O)C=C1>O=C1OC(=O)[CH:1]2[CH:1]3[CH2][CH2][CH:1](=[CH:1]=[CH:1]=3)[CH:1]1=2>O=C1OC(=O)C2C3CCC(C=C3)C21 : nan
Diels-Alder reaction : C1CC=CC=C1.OC=C>[OH][CH:1]1=[CH2:1][CH:1]2[CH2][CH2][CH:1]1=[CH:1]=[CH:1]=2>OC1CC2CCC1C=C2 : nan
Diels-Alder reaction : CC(=C)C=C.O=C1OC(=O)C=C1>[CH3][C:1]1=[CH2:1][CH:1]2C(=O)OC(=O)[CH:1]=2[CH2:1]=[CH:1]=1>CC1CC2C(CC=1)C(=O)OC2=O : nan
Diels-Alder reaction : CC(=C)C=C.OC=C>[CH3][C:1]1=[CH2:1][CH2:1]=[CH:1]([OH])[CH2:1]=[CH:1]=1>CC1CCC(O)CC=1 : nan
Diels-Alder reaction : CC(=C)C=C.OC=C>[CH3][C:1]1=[CH2:1][CH:1]([OH])=[CH2:1][CH2:1]=[CH:1]=1>CC1CC(O)CCC=1 : nan

=================================================


===========  CREATE MOLECULE INPUT  =============

 storing : 'OC=C'
 storing : 'CC(=C)C=C'
 storing : 'O=C1OC(=O)C=C1'
 storing : 'C1CC=CC=C1'
 storing : 'C1=CC=C1'

============  CREATE TARGET GRAPH  ==============

     0 (C)  -->  | 1 (=) | 3 (-) | 4 (-) |
     1 (C)  -->  | 0 (=) | 2 (-) | 5 (-) |
     2 (O)  -->  | 1 (-) | 6 (-) |
     3 (H)  -->  | 0 (-) |
     4 (H)  -->  | 0 (-) |
     5 (H)  -->  | 1 (-) |
     6 (H)  -->  | 2 (-) |
     7 (C)  -->  | 8 (=) | 12 (-) | 13 (-) |
     8 (C)  -->  | 7 (=) | 9 (-) | 14 (-) |
     9 (C)  -->  | 8 (-) | 10 (=) | 11 (-) |
    10 (C)  -->  | 9 (=) | 15 (-) | 16 (-) |
    11 (C)  -->  | 9 (-) | 17 (-) | 18 (-) | 19 (-) |
    12 (H)  -->  | 7 (-) |
    13 (H)  -->  | 7 (-) |
    14 (H)  -->  | 8 (-) |
    15 (H)  -->  | 10 (-) |
    16 (H)  -->  | 10 (-) |
    17 (H)  -->  | 11 (-) |
    18 (H)  -->  | 11 (-) |
    19 (H)  -->  | 11 (-) |
    20 (O)  -->  | 21 (=) |
    21 (C)  -->  | 20 (=) | 22 (-) | 26 (-) |
    22 (C)  -->  | 21 (-) | 23 (=) | 27 (-) |
    23 (C)  -->  | 22 (=) | 24 (-) | 28 (-) |
    24 (C)  -->  | 23 (-) | 25 (=) | 26 (-) |
    25 (O)  -->  | 24 (=) |
    26 (O)  -->  | 24 (-) | 21 (-) |
    27 (H)  -->  | 22 (-) |
    28 (H)  -->  | 23 (-) |
    29 (C)  -->  | 30 (=) | 34 (-) | 35 (-) |
    30 (C)  -->  | 29 (=) | 31 (-) | 36 (-) |
    31 (C)  -->  | 30 (-) | 32 (-) | 37 (-) | 38 (-) |
    32 (C)  -->  | 31 (-) | 33 (-) | 39 (-) | 40 (-) |
    33 (C)  -->  | 32 (-) | 34 (=) | 41 (-) |
    34 (C)  -->  | 33 (=) | 29 (-) | 42 (-) |
    35 (H)  -->  | 29 (-) |
    36 (H)  -->  | 30 (-) |
    37 (H)  -->  | 31 (-) |
    38 (H)  -->  | 31 (-) |
    39 (H)  -->  | 32 (-) |
    40 (H)  -->  | 32 (-) |
    41 (H)  -->  | 33 (-) |
    42 (H)  -->  | 34 (-) |
    43 (C)  -->  | 44 (=) | 46 (-) | 47 (-) |
    44 (C)  -->  | 43 (=) | 45 (-) | 48 (-) |
    45 (C)  -->  | 44 (-) | 46 (=) | 49 (-) |
    46 (C)  -->  | 45 (=) | 43 (-) | 50 (-) |
    47 (H)  -->  | 43 (-) |
    48 (H)  -->  | 44 (-) |
    49 (H)  -->  | 45 (-) |
    50 (H)  -->  | 46 (-) |

================= MATCHING ======================

 pattern graph = 
     0 (C)  -->  | 1 (=) |
     1 (C)  -->  | 0 (=) | 2 (-) |
     2 (C)  -->  | 1 (-) | 3 (=) |
     3 (C)  -->  | 2 (=) |
     4 (C)  -->  | 5 (=) |
     5 (C)  -->  | 4 (=) |


 matches :

     1 : (0,7) (1,8) (2,9) (3,10) (4,0) (5,1)
     2 : (0,7) (1,8) (2,9) (3,10) (4,1) (5,0)
     3 : (0,7) (1,8) (2,9) (3,10) (4,22) (5,23)
     4 : (0,7) (1,8) (2,9) (3,10) (4,23) (5,22)
     5 : (0,7) (1,8) (2,9) (3,10) (4,29) (5,30)
     6 : (0,7) (1,8) (2,9) (3,10) (4,30) (5,29)
     7 : (0,7) (1,8) (2,9) (3,10) (4,33) (5,34)
     8 : (0,7) (1,8) (2,9) (3,10) (4,34) (5,33)
     9 : (0,7) (1,8) (2,9) (3,10) (4,43) (5,44)
    10 : (0,7) (1,8) (2,9) (3,10) (4,44) (5,43)
    11 : (0,7) (1,8) (2,9) (3,10) (4,45) (5,46)
    12 : (0,7) (1,8) (2,9) (3,10) (4,46) (5,45)
    13 : (0,10) (1,9) (2,8) (3,7) (4,0) (5,1)
    14 : (0,10) (1,9) (2,8) (3,7) (4,1) (5,0)
    15 : (0,10) (1,9) (2,8) (3,7) (4,22) (5,23)
    16 : (0,10) (1,9) (2,8) (3,7) (4,23) (5,22)
    17 : (0,10) (1,9) (2,8) (3,7) (4,29) (5,30)
    18 : (0,10) (1,9) (2,8) (3,7) (4,30) (5,29)
    19 : (0,10) (1,9) (2,8) (3,7) (4,33) (5,34)
    20 : (0,10) (1,9) (2,8) (3,7) (4,34) (5,33)
    21 : (0,10) (1,9) (2,8) (3,7) (4,43) (5,44)
    22 : (0,10) (1,9) (2,8) (3,7) (4,44) (5,43)
    23 : (0,10) (1,9) (2,8) (3,7) (4,45) (5,46)
    24 : (0,10) (1,9) (2,8) (3,7) (4,46) (5,45)
    25 : (0,30) (1,29) (2,34) (3,33) (4,0) (5,1)
    26 : (0,30) (1,29) (2,34) (3,33) (4,1) (5,0)
    27 : (0,30) (1,29) (2,34) (3,33) (4,7) (5,8)
    28 : (0,30) (1,29) (2,34) (3,33) (4,8) (5,7)
    29 : (0,30) (1,29) (2,34) (3,33) (4,9) (5,10)
    30 : (0,30) (1,29) (2,34) (3,33) (4,10) (5,9)
    31 : (0,30) (1,29) (2,34) (3,33) (4,22) (5,23)
    32 : (0,30) (1,29) (2,34) (3,33) (4,23) (5,22)
    33 : (0,30) (1,29) (2,34) (3,33) (4,43) (5,44)
    34 : (0,30) (1,29) (2,34) (3,33) (4,44) (5,43)
    35 : (0,30) (1,29) (2,34) (3,33) (4,45) (5,46)
    36 : (0,30) (1,29) (2,34) (3,33) (4,46) (5,45)
    37 : (0,33) (1,34) (2,29) (3,30) (4,0) (5,1)
    38 : (0,33) (1,34) (2,29) (3,30) (4,1) (5,0)
    39 : (0,33) (1,34) (2,29) (3,30) (4,7) (5,8)
    40 : (0,33) (1,34) (2,29) (3,30) (4,8) (5,7)
    41 : (0,33) (1,34) (2,29) (3,30) (4,9) (5,10)
    42 : (0,33) (1,34) (2,29) (3,30) (4,10) (5,9)
    43 : (0,33) (1,34) (2,29) (3,30) (4,22) (5,23)
    44 : (0,33) (1,34) (2,29) (3,30) (4,23) (5,22)
    45 : (0,33) (1,34) (2,29) (3,30) (4,43) (5,44)
    46 : (0,33) (1,34) (2,29) (3,30) (4,44) (5,43)
    47 : (0,33) (1,34) (2,29) (3,30) (4,45) (5,46)
    48 : (0,33) (1,34) (2,29) (3,30) (4,46) (5,45)
    49 : (0,43) (1,44) (2,45) (3,46) (4,0) (5,1)
    50 : (0,43) (1,44) (2,45) (3,46) (4,1) (5,0)
    51 : (0,43) (1,44) (2,45) (3,46) (4,7) (5,8)
    52 : (0,43) (1,44) (2,45) (3,46) (4,8) (5,7)
    53 : (0,43) (1,44) (2,45) (3,46) (4,9) (5,10)
    54 : (0,43) (1,44) (2,45) (3,46) (4,10) (5,9)
    55 : (0,43) (1,44) (2,45) (3,46) (4,22) (5,23)
    56 : (0,43) (1,44) (2,45) (3,46) (4,23) (5,22)
    57 : (0,43) (1,44) (2,45) (3,46) (4,29) (5,30)
    58 : (0,43) (1,44) (2,45) (3,46) (4,30) (5,29)
    59 : (0,43) (1,44) (2,45) (3,46) (4,33) (5,34)
    60 : (0,43) (1,44) (2,45) (3,46) (4,34) (5,33)
    61 : (0,44) (1,43) (2,46) (3,45) (4,0) (5,1)
    62 : (0,44) (1,43) (2,46) (3,45) (4,1) (5,0)
    63 : (0,44) (1,43) (2,46) (3,45) (4,7) (5,8)
    64 : (0,44) (1,43) (2,46) (3,45) (4,8) (5,7)
    65 : (0,44) (1,43) (2,46) (3,45) (4,9) (5,10)
    66 : (0,44) (1,43) (2,46) (3,45) (4,10) (5,9)
    67 : (0,44) (1,43) (2,46) (3,45) (4,22) (5,23)
    68 : (0,44) (1,43) (2,46) (3,45) (4,23) (5,22)
    69 : (0,44) (1,43) (2,46) (3,45) (4,29) (5,30)
    70 : (0,44) (1,43) (2,46) (3,45) (4,30) (5,29)
    71 : (0,44) (1,43) (2,46) (3,45) (4,33) (5,34)
    72 : (0,44) (1,43) (2,46) (3,45) (4,34) (5,33)
    73 : (0,45) (1,46) (2,43) (3,44) (4,0) (5,1)
    74 : (0,45) (1,46) (2,43) (3,44) (4,1) (5,0)
    75 : (0,45) (1,46) (2,43) (3,44) (4,7) (5,8)
    76 : (0,45) (1,46) (2,43) (3,44) (4,8) (5,7)
    77 : (0,45) (1,46) (2,43) (3,44) (4,9) (5,10)
    78 : (0,45) (1,46) (2,43) (3,44) (4,10) (5,9)
    79 : (0,45) (1,46) (2,43) (3,44) (4,22) (5,23)
    80 : (0,45) (1,46) (2,43) (3,44) (4,23) (5,22)
    81 : (0,45) (1,46) (2,43) (3,44) (4,29) (5,30)
    82 : (0,45) (1,46) (2,43) (3,44) (4,30) (5,29)
    83 : (0,45) (1,46) (2,43) (3,44) (4,33) (5,34)
    84 : (0,45) (1,46) (2,43) (3,44) (4,34) (5,33)
    85 : (0,46) (1,45) (2,44) (3,43) (4,0) (5,1)
    86 : (0,46) (1,45) (2,44) (3,43) (4,1) (5,0)
    87 : (0,46) (1,45) (2,44) (3,43) (4,7) (5,8)
    88 : (0,46) (1,45) (2,44) (3,43) (4,8) (5,7)
    89 : (0,46) (1,45) (2,44) (3,43) (4,9) (5,10)
    90 : (0,46) (1,45) (2,44) (3,43) (4,10) (5,9)
    91 : (0,46) (1,45) (2,44) (3,43) (4,22) (5,23)
    92 : (0,46) (1,45) (2,44) (3,43) (4,23) (5,22)
    93 : (0,46) (1,45) (2,44) (3,43) (4,29) (5,30)
    94 : (0,46) (1,45) (2,44) (3,43) (4,30) (5,29)
    95 : (0,46) (1,45) (2,44) (3,43) (4,33) (5,34)
    96 : (0,46) (1,45) (2,44) (3,43) (4,34) (5,33)

============== REACTION GENERATION ==============

 create MR_Reactions object( addEachComponent=true )
 search matches and create Reaction objects ...
 number of reactions found : 16
 reactions produced :

Diels-Alder reaction : C1=CC=C1.C1CC=CC=C1>>C1CC2C(C=C1)C3C=CC23 : 1.23457
Diels-Alder reaction : C1=CC=C1.C1CC=CC=C1>>C1CC2C=CC1C3C=CC23 : 1.23457
Diels-Alder reaction : C1=CC=C1.CC(=C)C=C>>CC(=C)C1CC2C=CC21 : 1.23457
Diels-Alder reaction : C1=CC=C1.CC(=C)C=C>>CC1(CC2C=CC21)C=C : 1.23457
Diels-Alder reaction : C1=CC=C1.CC(=C)C=C>>CC1CC2C=CC2CC=1 : 1.23457
Diels-Alder reaction : C1=CC=C1.O=C1OC(=O)C=C1>>O=C1OC(=O)C2C3C=CC3C21 : 1.23457
Diels-Alder reaction : C1=CC=C1.OC=C>>OC1CC2C=CC12 : 1.23457
Diels-Alder reaction : C1CC=CC=C1.CC(=C)C=C>>CC(=C)C1CC2CCC1C=C2 : 1.23457
Diels-Alder reaction : C1CC=CC=C1.CC(=C)C=C>>CC1(CC2CCC1C=C2)C=C : 1.23457
Diels-Alder reaction : C1CC=CC=C1.CC(=C)C=C>>CC1CC2C=CCCC2CC=1 : 1.23457
Diels-Alder reaction : C1CC=CC=C1.CC(=C)C=C>>CC1CC2CCC=CC2CC=1 : 1.23457
Diels-Alder reaction : C1CC=CC=C1.O=C1OC(=O)C=C1>>O=C1OC(=O)C2C3CCC(C=C3)C21 : 1.23457
Diels-Alder reaction : C1CC=CC=C1.OC=C>>OC1CC2CCC1C=C2 : 1.23457
Diels-Alder reaction : CC(=C)C=C.O=C1OC(=O)C=C1>>CC1CC2C(CC=1)C(=O)OC2=O : 1.23457
Diels-Alder reaction : CC(=C)C=C.OC=C>>CC1CC(O)CCC=1 : 1.23457
Diels-Alder reaction : CC(=C)C=C.OC=C>>CC1CCC(O)CC=1 : 1.23457

=================================================


===============  TEST END  ===================
==============================================

