
==============  BEGIN TEST  ==================
==============================================
               sgm::SGM_vf2  
==============================================


 == PATTERN ==


=============================================

  0(C)     1(C) 
   |      /     
   1    1       
   |  /         
  3(N) -1- 2(C) 

=============================================


 == TARGET ==


=============================================

  5(C) -1- 4(C) -2- 3(C)          
   |                 |            
   1                 1            
   |                 |            
  0(N) -1- 1(C) -1- 2(N)          
   |                 |            
   1                 1            
   |                 |            
  6(C)     8(O) -2- 7(C) -1- 9(C) 

=============================================


--> Pattern graph:
 pattern graph :
     0 (C)  -->  | 3 (-1-) |
     1 (C)  -->  | 3 (-1-) |
     2 (C)  -->  | 3 (-1-) |
     3 (N)  -->  | 0 (-1-) | 1 (-1-) | 2 (-1-) |


--> Target graph:
     0 (N)  -->  | 1 (-1-) | 5 (-1-) | 6 (-1-) |
     1 (C)  -->  | 0 (-1-) | 2 (-1-) |
     2 (N)  -->  | 1 (-1-) | 3 (-1-) | 7 (-1-) |
     3 (C)  -->  | 2 (-1-) | 4 (-2-) |
     4 (C)  -->  | 3 (-2-) | 5 (-1-) |
     5 (C)  -->  | 0 (-1-) | 4 (-1-) |
     6 (C)  -->  | 0 (-1-) |
     7 (C)  -->  | 2 (-1-) | 8 (-2-) | 9 (-1-) |
     8 (O)  -->  | 7 (-2-) |
     9 (C)  -->  | 7 (-1-) |


--> ONE pattern and ONE target


 find ALL matches with NO_WILDCARD :

--> create sgm::MR_stream

     1 : (0,1) (1,5) (2,6) (3,0)
     2 : (0,1) (1,6) (2,5) (3,0)
     3 : (0,1) (1,3) (2,7) (3,2)
     4 : (0,1) (1,7) (2,3) (3,2)
     5 : (0,3) (1,1) (2,7) (3,2)
     6 : (0,3) (1,7) (2,1) (3,2)
     7 : (0,5) (1,1) (2,6) (3,0)
     8 : (0,5) (1,6) (2,1) (3,0)
     9 : (0,6) (1,1) (2,5) (3,0)
    10 : (0,6) (1,5) (2,1) (3,0)
    11 : (0,7) (1,1) (2,3) (3,2)
    12 : (0,7) (1,3) (2,1) (3,2)

 found 12 matches


--> TWO pattern and ONE target


 find ALL matches with NO_WILDCARD :

    13 : (0,1) (1,5) (2,6) (3,0)
    14 : (0,1) (1,6) (2,5) (3,0)
    15 : (0,1) (1,3) (2,7) (3,2)
    16 : (0,1) (1,7) (2,3) (3,2)
    17 : (0,3) (1,1) (2,7) (3,2)
    18 : (0,3) (1,7) (2,1) (3,2)
    19 : (0,5) (1,1) (2,6) (3,0)
    20 : (0,5) (1,6) (2,1) (3,0)
    21 : (0,6) (1,1) (2,5) (3,0)
    22 : (0,6) (1,5) (2,1) (3,0)
    23 : (0,7) (1,1) (2,3) (3,2)
    24 : (0,7) (1,3) (2,1) (3,2)
    25 : (0,1) (1,5) (2,6) (3,0)
    26 : (0,1) (1,6) (2,5) (3,0)
    27 : (0,1) (1,3) (2,7) (3,2)
    28 : (0,1) (1,7) (2,3) (3,2)
    29 : (0,3) (1,1) (2,7) (3,2)
    30 : (0,3) (1,7) (2,1) (3,2)
    31 : (0,5) (1,1) (2,6) (3,0)
    32 : (0,5) (1,6) (2,1) (3,0)
    33 : (0,6) (1,1) (2,5) (3,0)
    34 : (0,6) (1,5) (2,1) (3,0)
    35 : (0,7) (1,1) (2,3) (3,2)
    36 : (0,7) (1,3) (2,1) (3,2)

 found 24 matches


 find ONE match with NO_WILDCARD :

    37 : (0,1) (1,5) (2,6) (3,0)

 found 1 matches


 == PATTERN ==


=============================================

  0(C)     1(C) 
   |      /     
   1    1       
   |  /         
  3(N) -1- 2(C) 

=============================================


 == TARGET ==


=============================================

  0(C)     1(*) 
   |      /     
   1    1       
   |  /         
  3(N) -1- 2(C) 

=============================================


--> Pattern graph:
 pattern graph :
     0 (C)  -->  | 3 (-1-) |
     1 (C)  -->  | 3 (-1-) |
     2 (C)  -->  | 3 (-1-) |
     3 (N)  -->  | 0 (-1-) | 1 (-1-) | 2 (-1-) |


--> Target graph:
     0 (C)  -->  | 3 (-1-) |
     1 (*)  -->  | 3 (-1-) |
     2 (C)  -->  | 3 (-1-) |
     3 (N)  -->  | 0 (-1-) | 1 (-1-) | 2 (-1-) |


--> ONE pattern and ONE target


 find ALL matches with NO_WILDCARD :

--> create sgm::MR_stream


 found 0 matches


--> TWO pattern and ONE target


 find ALL matches with NO_WILDCARD :


 found 0 matches


 find ONE match with NO_WILDCARD :


 found 0 matches


--> Pattern graph:
 pattern graph :
     0 (C)  -->  | 3 (-1-) |
     1 (C)  -->  | 3 (-1-) |
     2 (C)  -->  | 3 (-1-) |
     3 (N)  -->  | 0 (-1-) | 1 (-1-) | 2 (-1-) |


--> Target graph:
     0 (C)  -->  | 3 (-1-) |
     1 (*)  -->  | 3 (-1-) |
     2 (C)  -->  | 3 (-1-) |
     3 (N)  -->  | 0 (-1-) | 1 (-1-) | 2 (-1-) |


--> ONE pattern and ONE target


 find ALL matches with WILDCARD = '*' :

--> create sgm::MR_stream

     1 : (0,0) (1,1) (2,2) (3,3)
     2 : (0,0) (1,2) (2,1) (3,3)
     3 : (0,1) (1,0) (2,2) (3,3)
     4 : (0,1) (1,2) (2,0) (3,3)
     5 : (0,2) (1,0) (2,1) (3,3)
     6 : (0,2) (1,1) (2,0) (3,3)

 found 6 matches


--> TWO pattern and ONE target


 find ALL matches with WILDCARD = '*' :

     7 : (0,0) (1,1) (2,2) (3,3)
     8 : (0,0) (1,2) (2,1) (3,3)
     9 : (0,1) (1,0) (2,2) (3,3)
    10 : (0,1) (1,2) (2,0) (3,3)
    11 : (0,2) (1,0) (2,1) (3,3)
    12 : (0,2) (1,1) (2,0) (3,3)
    13 : (0,0) (1,1) (2,2) (3,3)
    14 : (0,0) (1,2) (2,1) (3,3)
    15 : (0,1) (1,0) (2,2) (3,3)
    16 : (0,1) (1,2) (2,0) (3,3)
    17 : (0,2) (1,0) (2,1) (3,3)
    18 : (0,2) (1,1) (2,0) (3,3)

 found 12 matches


 find ONE match with WILDCARD = '*' :

    19 : (0,0) (1,1) (2,2) (3,3)

 found 1 matches


 == PATTERN ==


=============================================

  0(C)     1(*) 
   |      /     
   1    1       
   |  /         
  3(N) -1- 2(C) 

=============================================


 == TARGET ==


=============================================

  0(C)     1(C) 
   |      /     
   1    1       
   |  /         
  3(N) -1- 2(C) 

=============================================


--> Pattern graph:
 pattern graph :
     0 (C)  -->  | 3 (-1-) |
     1 (*)  -->  | 3 (-1-) |
     2 (C)  -->  | 3 (-1-) |
     3 (N)  -->  | 0 (-1-) | 1 (-1-) | 2 (-1-) |


--> Target graph:
     0 (C)  -->  | 3 (-1-) |
     1 (C)  -->  | 3 (-1-) |
     2 (C)  -->  | 3 (-1-) |
     3 (N)  -->  | 0 (-1-) | 1 (-1-) | 2 (-1-) |


--> ONE pattern and ONE target


 find ALL matches with NO_WILDCARD :

--> create sgm::MR_stream


 found 0 matches


--> TWO pattern and ONE target


 find ALL matches with NO_WILDCARD :


 found 0 matches


 find ONE match with NO_WILDCARD :


 found 0 matches


--> Pattern graph:
 pattern graph :
     0 (C)  -->  | 3 (-1-) |
     1 (*)  -->  | 3 (-1-) |
     2 (C)  -->  | 3 (-1-) |
     3 (N)  -->  | 0 (-1-) | 1 (-1-) | 2 (-1-) |


--> Target graph:
     0 (C)  -->  | 3 (-1-) |
     1 (C)  -->  | 3 (-1-) |
     2 (C)  -->  | 3 (-1-) |
     3 (N)  -->  | 0 (-1-) | 1 (-1-) | 2 (-1-) |


--> ONE pattern and ONE target


 find ALL matches with WILDCARD = '*' :

--> create sgm::MR_stream

     1 : (0,0) (1,1) (2,2) (3,3)
     2 : (0,0) (1,2) (2,1) (3,3)
     3 : (0,1) (1,0) (2,2) (3,3)
     4 : (0,1) (1,2) (2,0) (3,3)
     5 : (0,2) (1,0) (2,1) (3,3)
     6 : (0,2) (1,1) (2,0) (3,3)

 found 6 matches


--> TWO pattern and ONE target


 find ALL matches with WILDCARD = '*' :

     7 : (0,0) (1,1) (2,2) (3,3)
     8 : (0,0) (1,2) (2,1) (3,3)
     9 : (0,1) (1,0) (2,2) (3,3)
    10 : (0,1) (1,2) (2,0) (3,3)
    11 : (0,2) (1,0) (2,1) (3,3)
    12 : (0,2) (1,1) (2,0) (3,3)
    13 : (0,0) (1,1) (2,2) (3,3)
    14 : (0,0) (1,2) (2,1) (3,3)
    15 : (0,1) (1,0) (2,2) (3,3)
    16 : (0,1) (1,2) (2,0) (3,3)
    17 : (0,2) (1,0) (2,1) (3,3)
    18 : (0,2) (1,1) (2,0) (3,3)

 found 12 matches


 find ONE match with WILDCARD = '*' :

    19 : (0,0) (1,1) (2,2) (3,3)

 found 1 matches


 == PATTERN ==


=============================================

  0(C)
  | | 
  1 1 
  | | 
  1(C)

=============================================


 == TARGET ==


=============================================

  0(C)
  | | 
  1 1 
  | | 
  2(C)
  | | 
  1 2 
  | | 
  1(N)

=============================================


--> Pattern graph:
 pattern graph :
     0 (C)  -->  | 1 (-1-) | 1 (-1-) |
     1 (C)  -->  | 0 (-1-) | 0 (-1-) |


--> Target graph:
     0 (C)  -->  | 2 (-1-) | 2 (-1-) |
     1 (N)  -->  | 2 (-1-) | 2 (-2-) |
     2 (C)  -->  | 0 (-1-) | 0 (-1-) | 1 (-1-) | 1 (-2-) |


--> ONE pattern and ONE target


 find ALL matches with NO_WILDCARD :

--> create sgm::MR_stream

     1 : (0,0) (1,2)
     2 : (0,2) (1,0)

 found 2 matches


--> TWO pattern and ONE target


 find ALL matches with NO_WILDCARD :

     3 : (0,0) (1,2)
     4 : (0,2) (1,0)
     5 : (0,0) (1,2)
     6 : (0,2) (1,0)

 found 4 matches


 find ONE match with NO_WILDCARD :

     7 : (0,0) (1,2)

 found 1 matches


 == PATTERN ==


=============================================

  0(C)
  | | 
  1 * 
  | | 
  1(*)

=============================================


 == TARGET ==


=============================================

  0(C)
  | | 
  1 1 
  | | 
  2(C)
  | | 
  1 2 
  | | 
  1(N)

=============================================


--> Pattern graph:
 pattern graph :
     0 (C)  -->  | 1 (-1-) | 1 (*) |
     1 (*)  -->  | 0 (-1-) | 0 (*) |


--> Target graph:
     0 (C)  -->  | 2 (-1-) | 2 (-1-) |
     1 (N)  -->  | 2 (-1-) | 2 (-2-) |
     2 (C)  -->  | 0 (-1-) | 0 (-1-) | 1 (-1-) | 1 (-2-) |


--> ONE pattern and ONE target


 find ALL matches with NO_WILDCARD :

--> create sgm::MR_stream


 found 0 matches


--> TWO pattern and ONE target


 find ALL matches with NO_WILDCARD :


 found 0 matches


 find ONE match with NO_WILDCARD :


 found 0 matches


--> Pattern graph:
 pattern graph :
     0 (C)  -->  | 1 (-1-) | 1 (*) |
     1 (*)  -->  | 0 (-1-) | 0 (*) |


--> Target graph:
     0 (C)  -->  | 2 (-1-) | 2 (-1-) |
     1 (N)  -->  | 2 (-1-) | 2 (-2-) |
     2 (C)  -->  | 0 (-1-) | 0 (-1-) | 1 (-1-) | 1 (-2-) |


--> ONE pattern and ONE target


 find ALL matches with WILDCARD = '*' :

--> create sgm::MR_stream

     1 : (0,0) (1,2)
     2 : (0,2) (1,0)
     3 : (0,2) (1,1)

 found 3 matches


--> TWO pattern and ONE target


 find ALL matches with WILDCARD = '*' :

     4 : (0,0) (1,2)
     5 : (0,2) (1,0)
     6 : (0,2) (1,1)
     7 : (0,0) (1,2)
     8 : (0,2) (1,0)
     9 : (0,2) (1,1)

 found 6 matches


 find ONE match with WILDCARD = '*' :

    10 : (0,0) (1,2)

 found 1 matches


 == PATTERN ==


=============================================

  0(C)- 
    |  |
    1 - 

=============================================


 == TARGET ==


=============================================

  0(C)-1
    | \/
    1 
    | 
  1(N)-1
    | \/
    2 
    | 
  2(N)-2
      \/

=============================================


--> Pattern graph:
 pattern graph :
     0 (C)  -->  | 0 (-1-) | 0 (-1-) |


--> Target graph:
     0 (C)  -->  | 1 (-1-) | 0 (-1-) | 0 (-1-) |
     1 (N)  -->  | 0 (-1-) | 2 (-2-) | 1 (-1-) | 1 (-1-) |
     2 (N)  -->  | 1 (-2-) | 2 (-2-) | 2 (-2-) |


--> ONE pattern and ONE target


 find ALL matches with NO_WILDCARD :

--> create sgm::MR_stream

     1 : (0,0)

 found 1 matches


--> TWO pattern and ONE target


 find ALL matches with NO_WILDCARD :

     2 : (0,0)
     3 : (0,0)

 found 2 matches


 find ONE match with NO_WILDCARD :

     4 : (0,0)

 found 1 matches


 == PATTERN ==


=============================================

  0(*)- 
    |  |
    * - 

=============================================


 == TARGET ==


=============================================

  0(C)-1
    | \/
    1 
    | 
  1(N)-1
    | \/
    2 
    | 
  2(N)-2
      \/

=============================================


--> Pattern graph:
 pattern graph :
     0 (*)  -->  | 0 (*) | 0 (*) |


--> Target graph:
     0 (C)  -->  | 1 (-1-) | 0 (-1-) | 0 (-1-) |
     1 (N)  -->  | 0 (-1-) | 2 (-2-) | 1 (-1-) | 1 (-1-) |
     2 (N)  -->  | 1 (-2-) | 2 (-2-) | 2 (-2-) |


--> ONE pattern and ONE target


 find ALL matches with NO_WILDCARD :

--> create sgm::MR_stream


 found 0 matches


--> TWO pattern and ONE target


 find ALL matches with NO_WILDCARD :


 found 0 matches


 find ONE match with NO_WILDCARD :


 found 0 matches


--> Pattern graph:
 pattern graph :
     0 (*)  -->  | 0 (*) | 0 (*) |


--> Target graph:
     0 (C)  -->  | 1 (-1-) | 0 (-1-) | 0 (-1-) |
     1 (N)  -->  | 0 (-1-) | 2 (-2-) | 1 (-1-) | 1 (-1-) |
     2 (N)  -->  | 1 (-2-) | 2 (-2-) | 2 (-2-) |


--> ONE pattern and ONE target


 find ALL matches with WILDCARD = '*' :

--> create sgm::MR_stream

     1 : (0,0)
     2 : (0,1)
     3 : (0,2)

 found 3 matches


--> TWO pattern and ONE target


 find ALL matches with WILDCARD = '*' :

     4 : (0,0)
     5 : (0,1)
     6 : (0,2)
     7 : (0,0)
     8 : (0,1)
     9 : (0,2)

 found 6 matches


 find ONE match with WILDCARD = '*' :

    10 : (0,0)

 found 1 matches


===============  TEST END  ===================
==============================================

