
==============  BEGIN TEST  ==================
==============================================
              sgm::MR_Storing  
==============================================

--> create sgm::MR_Storing::Storage storage
--> create sgm::MR_Storing(storage) mr

--> create dummy graphs 

--> create dummy match :

 4 3 2 5
--> mr.reportHit(..)
--> mr.reportHit(..)
--> mr.reportHit(..)

--> storage content:
 4 3 2 5
 4 3 2 5
 4 3 2 5

===============  TEST END  ===================
==============================================

