
==============  BEGIN TEST  ==================
==============================================
         ggl::chem::Graph_noClass
==============================================


 parse single SMILES string 0 :

 SMILES = '[CH3+:123]'

 ==> singleSMILES Parser succeeded
 ==> resulting graph :

     0 (C+:123)  -->  | 1 (-) | 2 (-) | 3 (-) |
     1 (H)  -->  | 0 (-) |
     2 (H)  -->  | 0 (-) |
     3 (H)  -->  | 0 (-) |
 ==> without class :

     0 (C+)  -->  | 1 (-) | 2 (-) | 3 (-) |
     1 (H)  -->  | 0 (-) |
     2 (H)  -->  | 0 (-) |
     3 (H)  -->  | 0 (-) |
 ==> original molecule :

     0 (C+:123)  -->  | 1 (-) | 2 (-) | 3 (-) |
     1 (H)  -->  | 0 (-) |
     2 (H)  -->  | 0 (-) |
     3 (H)  -->  | 0 (-) |


 parse single SMILES string 1 :

 SMILES = '[H:1][C:2]#[N:3]'

 ==> singleSMILES Parser succeeded
 ==> resulting graph :

     0 (H:1)  -->  | 1 (-) |
     1 (C:2)  -->  | 0 (-) | 2 (#) |
     2 (N:3)  -->  | 1 (#) |
 ==> without class :

     0 (H)  -->  | 1 (-) |
     1 (C)  -->  | 0 (-) | 2 (#) |
     2 (N)  -->  | 1 (#) |
 ==> original molecule :

     0 (H:1)  -->  | 1 (-) |
     1 (C:2)  -->  | 0 (-) | 2 (#) |
     2 (N:3)  -->  | 1 (#) |


===============  TEST END  ===================
==============================================

