
==============  BEGIN TEST  ==================
==============================================
              ggl::CE_Horton  
      detection of all cycles in graphs 
==============================================

-->create ggl::Graph = getTarget_1()

filled graph is :


=============================================

  0(A) -1- 1(B) -1- 2(A)
   |        |      /    
   2        2    2      
   |        |  /        
  3(C) -1- 4(C)         

=============================================

  = next cycle = 3 0 1 2 4 
  = next cycle = 4 1 2 
  = next cycle = 2 1 0 3 4 
  = next cycle = 4 1 0 3 
  = next cycle = 2 1 4 
  = next cycle = 3 0 1 4 
  = next cycle = 1 2 4 
  = next cycle = 0 3 4 1 
  = next cycle = 1 0 3 4 

===============  TEST END  ===================
==============================================

